------------------------------------------------------------
TimeQuest Timing Analyzer Summary
------------------------------------------------------------

Type  : Slow Model Setup 'estadoSiguiente.escribir_data'
Slack : -7.479
TNS   : -56.441

Type  : Slow Model Setup 'estadoSiguiente.escribir_op1'
Slack : -7.001
TNS   : -55.856

Type  : Slow Model Setup 'estadoSiguiente.escribir_op2'
Slack : -6.866
TNS   : -55.063

Type  : Slow Model Setup 'estadoSiguiente.incrementar_pc'
Slack : -5.861
TNS   : -43.321

Type  : Slow Model Setup 'control[0]'
Slack : -5.357
TNS   : -409.235

Type  : Slow Model Setup 'estadoSiguiente.escribir_status'
Slack : -4.821
TNS   : -9.338

Type  : Slow Model Setup 'estadoSiguiente.mostrar_salida'
Slack : -2.229
TNS   : -13.287

Type  : Slow Model Setup 'estadoSiguiente.escribir_ram'
Slack : -1.103
TNS   : -4.398

Type  : Slow Model Hold 'estadoSiguiente.escribir_ram'
Slack : -2.992
TNS   : -22.147

Type  : Slow Model Hold 'estadoSiguiente.incrementar_pc'
Slack : -2.718
TNS   : -18.933

Type  : Slow Model Hold 'control[0]'
Slack : -2.287
TNS   : -20.736

Type  : Slow Model Hold 'estadoSiguiente.escribir_op2'
Slack : -2.173
TNS   : -14.055

Type  : Slow Model Hold 'estadoSiguiente.escribir_op1'
Slack : -2.038
TNS   : -13.247

Type  : Slow Model Hold 'estadoSiguiente.mostrar_salida'
Slack : 0.521
TNS   : 0.000

Type  : Slow Model Hold 'estadoSiguiente.escribir_data'
Slack : 2.666
TNS   : 0.000

Type  : Slow Model Hold 'estadoSiguiente.escribir_status'
Slack : 4.175
TNS   : 0.000

Type  : Slow Model Recovery 'estadoSiguiente.activar_leer_pc'
Slack : -4.977
TNS   : -4.977

Type  : Slow Model Recovery 'estadoSiguiente.activar_esc_data'
Slack : -4.193
TNS   : -4.193

Type  : Slow Model Recovery 'estadoSiguiente.espera'
Slack : -4.169
TNS   : -4.169

Type  : Slow Model Recovery 'estadoSiguiente.activar_carga_alu'
Slack : -4.166
TNS   : -7.495

Type  : Slow Model Recovery 'estadoSiguiente.activar_leer_ri'
Slack : -3.769
TNS   : -3.769

Type  : Slow Model Recovery 'estadoSiguiente.mostrar_salida'
Slack : -3.026
TNS   : -3.026

Type  : Slow Model Removal 'estadoSiguiente.mostrar_salida'
Slack : -0.918
TNS   : -0.918

Type  : Slow Model Removal 'estadoSiguiente.espera'
Slack : -0.801
TNS   : -0.801

Type  : Slow Model Removal 'estadoSiguiente.activar_leer_ri'
Slack : -0.175
TNS   : -0.175

Type  : Slow Model Removal 'estadoSiguiente.activar_carga_alu'
Slack : 0.199
TNS   : 0.000

Type  : Slow Model Removal 'estadoSiguiente.activar_esc_data'
Slack : 0.702
TNS   : 0.000

Type  : Slow Model Removal 'estadoSiguiente.activar_leer_pc'
Slack : 0.823
TNS   : 0.000

Type  : Slow Model Minimum Pulse Width 'control[0]'
Slack : -2.567
TNS   : -367.491

Type  : Slow Model Minimum Pulse Width 'estadoSiguiente.activar_carga_alu'
Slack : 0.500
TNS   : 0.000

Type  : Slow Model Minimum Pulse Width 'estadoSiguiente.activar_esc_data'
Slack : 0.500
TNS   : 0.000

Type  : Slow Model Minimum Pulse Width 'estadoSiguiente.activar_leer_pc'
Slack : 0.500
TNS   : 0.000

Type  : Slow Model Minimum Pulse Width 'estadoSiguiente.activar_leer_ri'
Slack : 0.500
TNS   : 0.000

Type  : Slow Model Minimum Pulse Width 'estadoSiguiente.escribir_data'
Slack : 0.500
TNS   : 0.000

Type  : Slow Model Minimum Pulse Width 'estadoSiguiente.escribir_op1'
Slack : 0.500
TNS   : 0.000

Type  : Slow Model Minimum Pulse Width 'estadoSiguiente.escribir_op2'
Slack : 0.500
TNS   : 0.000

Type  : Slow Model Minimum Pulse Width 'estadoSiguiente.escribir_ram'
Slack : 0.500
TNS   : 0.000

Type  : Slow Model Minimum Pulse Width 'estadoSiguiente.escribir_status'
Slack : 0.500
TNS   : 0.000

Type  : Slow Model Minimum Pulse Width 'estadoSiguiente.espera'
Slack : 0.500
TNS   : 0.000

Type  : Slow Model Minimum Pulse Width 'estadoSiguiente.incrementar_pc'
Slack : 0.500
TNS   : 0.000

Type  : Slow Model Minimum Pulse Width 'estadoSiguiente.mostrar_salida'
Slack : 0.500
TNS   : 0.000

Type  : Fast Model Setup 'estadoSiguiente.escribir_op1'
Slack : -3.191
TNS   : -24.714

Type  : Fast Model Setup 'estadoSiguiente.escribir_op2'
Slack : -3.070
TNS   : -23.682

Type  : Fast Model Setup 'estadoSiguiente.escribir_data'
Slack : -2.994
TNS   : -22.901

Type  : Fast Model Setup 'estadoSiguiente.escribir_status'
Slack : -1.723
TNS   : -3.371

Type  : Fast Model Setup 'control[0]'
Slack : -1.460
TNS   : -53.186

Type  : Fast Model Setup 'estadoSiguiente.incrementar_pc'
Slack : -1.085
TNS   : -7.301

Type  : Fast Model Setup 'estadoSiguiente.mostrar_salida'
Slack : -0.610
TNS   : -3.642

Type  : Fast Model Setup 'estadoSiguiente.escribir_ram'
Slack : -0.081
TNS   : -0.081

Type  : Fast Model Hold 'control[0]'
Slack : -1.319
TNS   : -37.669

Type  : Fast Model Hold 'estadoSiguiente.escribir_ram'
Slack : -1.248
TNS   : -9.441

Type  : Fast Model Hold 'estadoSiguiente.incrementar_pc'
Slack : -1.197
TNS   : -8.651

Type  : Fast Model Hold 'estadoSiguiente.escribir_op2'
Slack : -0.718
TNS   : -4.587

Type  : Fast Model Hold 'estadoSiguiente.escribir_op1'
Slack : -0.597
TNS   : -3.619

Type  : Fast Model Hold 'estadoSiguiente.mostrar_salida'
Slack : 0.889
TNS   : 0.000

Type  : Fast Model Hold 'estadoSiguiente.escribir_data'
Slack : 1.481
TNS   : 0.000

Type  : Fast Model Hold 'estadoSiguiente.escribir_status'
Slack : 2.245
TNS   : 0.000

Type  : Fast Model Recovery 'estadoSiguiente.activar_esc_data'
Slack : -1.553
TNS   : -1.553

Type  : Fast Model Recovery 'estadoSiguiente.activar_leer_pc'
Slack : -1.544
TNS   : -1.544

Type  : Fast Model Recovery 'estadoSiguiente.activar_carga_alu'
Slack : -1.543
TNS   : -2.829

Type  : Fast Model Recovery 'estadoSiguiente.espera'
Slack : -1.505
TNS   : -1.505

Type  : Fast Model Recovery 'estadoSiguiente.activar_leer_ri'
Slack : -1.438
TNS   : -1.438

Type  : Fast Model Recovery 'estadoSiguiente.mostrar_salida'
Slack : -1.224
TNS   : -1.224

Type  : Fast Model Removal 'estadoSiguiente.mostrar_salida'
Slack : -0.263
TNS   : -0.263

Type  : Fast Model Removal 'estadoSiguiente.espera'
Slack : -0.248
TNS   : -0.248

Type  : Fast Model Removal 'estadoSiguiente.activar_leer_ri'
Slack : -0.049
TNS   : -0.049

Type  : Fast Model Removal 'estadoSiguiente.activar_carga_alu'
Slack : 0.068
TNS   : 0.000

Type  : Fast Model Removal 'estadoSiguiente.activar_esc_data'
Slack : 0.200
TNS   : 0.000

Type  : Fast Model Removal 'estadoSiguiente.activar_leer_pc'
Slack : 0.245
TNS   : 0.000

Type  : Fast Model Minimum Pulse Width 'control[0]'
Slack : -1.627
TNS   : -241.746

Type  : Fast Model Minimum Pulse Width 'estadoSiguiente.activar_carga_alu'
Slack : 0.500
TNS   : 0.000

Type  : Fast Model Minimum Pulse Width 'estadoSiguiente.activar_esc_data'
Slack : 0.500
TNS   : 0.000

Type  : Fast Model Minimum Pulse Width 'estadoSiguiente.activar_leer_pc'
Slack : 0.500
TNS   : 0.000

Type  : Fast Model Minimum Pulse Width 'estadoSiguiente.activar_leer_ri'
Slack : 0.500
TNS   : 0.000

Type  : Fast Model Minimum Pulse Width 'estadoSiguiente.escribir_data'
Slack : 0.500
TNS   : 0.000

Type  : Fast Model Minimum Pulse Width 'estadoSiguiente.escribir_op1'
Slack : 0.500
TNS   : 0.000

Type  : Fast Model Minimum Pulse Width 'estadoSiguiente.escribir_op2'
Slack : 0.500
TNS   : 0.000

Type  : Fast Model Minimum Pulse Width 'estadoSiguiente.escribir_ram'
Slack : 0.500
TNS   : 0.000

Type  : Fast Model Minimum Pulse Width 'estadoSiguiente.escribir_status'
Slack : 0.500
TNS   : 0.000

Type  : Fast Model Minimum Pulse Width 'estadoSiguiente.espera'
Slack : 0.500
TNS   : 0.000

Type  : Fast Model Minimum Pulse Width 'estadoSiguiente.incrementar_pc'
Slack : 0.500
TNS   : 0.000

Type  : Fast Model Minimum Pulse Width 'estadoSiguiente.mostrar_salida'
Slack : 0.500
TNS   : 0.000

------------------------------------------------------------
