------------------------------------------------------------
TimeQuest Timing Analyzer Summary
------------------------------------------------------------

Type  : Slow Model Setup 'estadoSiguiente.escribir_op2'
Slack : -7.105
TNS   : -56.757

Type  : Slow Model Setup 'estadoSiguiente.escribir_op1'
Slack : -7.029
TNS   : -59.668

Type  : Slow Model Setup 'estadoSiguiente.escribir_data'
Slack : -6.431
TNS   : -48.974

Type  : Slow Model Setup 'control[0]'
Slack : -4.312
TNS   : -327.512

Type  : Slow Model Setup 'estadoSiguiente.incrementar_pc'
Slack : -4.243
TNS   : -27.182

Type  : Slow Model Setup 'estadoSiguiente.escribir_ram'
Slack : -3.792
TNS   : -23.026

Type  : Slow Model Setup 'estadoSiguiente.leer_ri'
Slack : -2.755
TNS   : -21.308

Type  : Slow Model Hold 'estadoSiguiente.incrementar_pc'
Slack : -3.019
TNS   : -20.181

Type  : Slow Model Hold 'estadoSiguiente.escribir_ram'
Slack : -2.442
TNS   : -16.046

Type  : Slow Model Hold 'control[0]'
Slack : -1.957
TNS   : -16.053

Type  : Slow Model Hold 'estadoSiguiente.escribir_op1'
Slack : -1.923
TNS   : -12.258

Type  : Slow Model Hold 'estadoSiguiente.escribir_op2'
Slack : -1.847
TNS   : -11.650

Type  : Slow Model Hold 'estadoSiguiente.leer_ri'
Slack : 0.711
TNS   : 0.000

Type  : Slow Model Hold 'estadoSiguiente.escribir_data'
Slack : 5.571
TNS   : 0.000

Type  : Slow Model Recovery 'estadoSiguiente.activar_leer_pc'
Slack : -5.490
TNS   : -5.490

Type  : Slow Model Recovery 'estadoSiguiente.activar_leer_data'
Slack : -4.488
TNS   : -4.488

Type  : Slow Model Recovery 'estadoSiguiente.activar_leer_ri'
Slack : -4.466
TNS   : -4.466

Type  : Slow Model Recovery 'estadoSiguiente.espera'
Slack : -3.903
TNS   : -3.903

Type  : Slow Model Recovery 'estadoSiguiente.activar_carga_alu'
Slack : -3.617
TNS   : -7.074

Type  : Slow Model Removal 'estadoSiguiente.activar_leer_ri'
Slack : 0.210
TNS   : 0.000

Type  : Slow Model Removal 'estadoSiguiente.activar_carga_alu'
Slack : 0.222
TNS   : 0.000

Type  : Slow Model Removal 'estadoSiguiente.activar_leer_data'
Slack : 0.236
TNS   : 0.000

Type  : Slow Model Removal 'estadoSiguiente.activar_leer_pc'
Slack : 0.271
TNS   : 0.000

Type  : Slow Model Removal 'estadoSiguiente.espera'
Slack : 3.082
TNS   : 0.000

Type  : Slow Model Minimum Pulse Width 'control[0]'
Slack : -2.567
TNS   : -352.651

Type  : Slow Model Minimum Pulse Width 'estadoSiguiente.activar_carga_alu'
Slack : 0.500
TNS   : 0.000

Type  : Slow Model Minimum Pulse Width 'estadoSiguiente.activar_leer_data'
Slack : 0.500
TNS   : 0.000

Type  : Slow Model Minimum Pulse Width 'estadoSiguiente.activar_leer_pc'
Slack : 0.500
TNS   : 0.000

Type  : Slow Model Minimum Pulse Width 'estadoSiguiente.activar_leer_ri'
Slack : 0.500
TNS   : 0.000

Type  : Slow Model Minimum Pulse Width 'estadoSiguiente.escribir_data'
Slack : 0.500
TNS   : 0.000

Type  : Slow Model Minimum Pulse Width 'estadoSiguiente.escribir_op1'
Slack : 0.500
TNS   : 0.000

Type  : Slow Model Minimum Pulse Width 'estadoSiguiente.escribir_op2'
Slack : 0.500
TNS   : 0.000

Type  : Slow Model Minimum Pulse Width 'estadoSiguiente.escribir_ram'
Slack : 0.500
TNS   : 0.000

Type  : Slow Model Minimum Pulse Width 'estadoSiguiente.espera'
Slack : 0.500
TNS   : 0.000

Type  : Slow Model Minimum Pulse Width 'estadoSiguiente.incrementar_pc'
Slack : 0.500
TNS   : 0.000

Type  : Slow Model Minimum Pulse Width 'estadoSiguiente.leer_ri'
Slack : 0.500
TNS   : 0.000

Type  : Fast Model Setup 'estadoSiguiente.escribir_op2'
Slack : -3.196
TNS   : -24.784

Type  : Fast Model Setup 'estadoSiguiente.escribir_op1'
Slack : -3.171
TNS   : -25.124

Type  : Fast Model Setup 'estadoSiguiente.escribir_data'
Slack : -2.653
TNS   : -20.624

Type  : Fast Model Setup 'control[0]'
Slack : -1.460
TNS   : -38.789

Type  : Fast Model Setup 'estadoSiguiente.escribir_ram'
Slack : -0.811
TNS   : -4.318

Type  : Fast Model Setup 'estadoSiguiente.leer_ri'
Slack : -0.783
TNS   : -5.194

Type  : Fast Model Setup 'estadoSiguiente.incrementar_pc'
Slack : -0.600
TNS   : -2.468

Type  : Fast Model Hold 'estadoSiguiente.incrementar_pc'
Slack : -1.252
TNS   : -8.868

Type  : Fast Model Hold 'control[0]'
Slack : -1.216
TNS   : -28.217

Type  : Fast Model Hold 'estadoSiguiente.escribir_ram'
Slack : -1.104
TNS   : -7.799

Type  : Fast Model Hold 'estadoSiguiente.escribir_op1'
Slack : -0.600
TNS   : -3.674

Type  : Fast Model Hold 'estadoSiguiente.escribir_op2'
Slack : -0.575
TNS   : -3.474

Type  : Fast Model Hold 'estadoSiguiente.leer_ri'
Slack : 0.955
TNS   : 0.000

Type  : Fast Model Hold 'estadoSiguiente.escribir_data'
Slack : 3.129
TNS   : 0.000

Type  : Fast Model Recovery 'estadoSiguiente.activar_leer_pc'
Slack : -1.783
TNS   : -1.783

Type  : Fast Model Recovery 'estadoSiguiente.activar_leer_data'
Slack : -1.617
TNS   : -1.617

Type  : Fast Model Recovery 'estadoSiguiente.activar_leer_ri'
Slack : -1.613
TNS   : -1.613

Type  : Fast Model Recovery 'estadoSiguiente.espera'
Slack : -1.482
TNS   : -1.482

Type  : Fast Model Recovery 'estadoSiguiente.activar_carga_alu'
Slack : -1.329
TNS   : -2.632

Type  : Fast Model Removal 'estadoSiguiente.activar_leer_data'
Slack : 0.072
TNS   : 0.000

Type  : Fast Model Removal 'estadoSiguiente.activar_leer_pc'
Slack : 0.079
TNS   : 0.000

Type  : Fast Model Removal 'estadoSiguiente.activar_leer_ri'
Slack : 0.087
TNS   : 0.000

Type  : Fast Model Removal 'estadoSiguiente.activar_carga_alu'
Slack : 0.117
TNS   : 0.000

Type  : Fast Model Removal 'estadoSiguiente.espera'
Slack : 1.892
TNS   : 0.000

Type  : Fast Model Minimum Pulse Width 'control[0]'
Slack : -1.627
TNS   : -231.746

Type  : Fast Model Minimum Pulse Width 'estadoSiguiente.activar_carga_alu'
Slack : 0.500
TNS   : 0.000

Type  : Fast Model Minimum Pulse Width 'estadoSiguiente.activar_leer_data'
Slack : 0.500
TNS   : 0.000

Type  : Fast Model Minimum Pulse Width 'estadoSiguiente.activar_leer_pc'
Slack : 0.500
TNS   : 0.000

Type  : Fast Model Minimum Pulse Width 'estadoSiguiente.activar_leer_ri'
Slack : 0.500
TNS   : 0.000

Type  : Fast Model Minimum Pulse Width 'estadoSiguiente.escribir_data'
Slack : 0.500
TNS   : 0.000

Type  : Fast Model Minimum Pulse Width 'estadoSiguiente.escribir_op1'
Slack : 0.500
TNS   : 0.000

Type  : Fast Model Minimum Pulse Width 'estadoSiguiente.escribir_op2'
Slack : 0.500
TNS   : 0.000

Type  : Fast Model Minimum Pulse Width 'estadoSiguiente.escribir_ram'
Slack : 0.500
TNS   : 0.000

Type  : Fast Model Minimum Pulse Width 'estadoSiguiente.espera'
Slack : 0.500
TNS   : 0.000

Type  : Fast Model Minimum Pulse Width 'estadoSiguiente.incrementar_pc'
Slack : 0.500
TNS   : 0.000

Type  : Fast Model Minimum Pulse Width 'estadoSiguiente.leer_ri'
Slack : 0.500
TNS   : 0.000

------------------------------------------------------------
