------------------------------------------------------------
TimeQuest Timing Analyzer Summary
------------------------------------------------------------

Type  : Slow Model Setup 'estadoSiguiente.escribir_data'
Slack : -7.910
TNS   : -52.929

Type  : Slow Model Setup 'estadoSiguiente.escribir_op1'
Slack : -6.683
TNS   : -63.291

Type  : Slow Model Setup 'control[0]'
Slack : -4.097
TNS   : -237.409

Type  : Slow Model Setup 'estadoSiguiente.incrementar_pc'
Slack : -3.588
TNS   : -27.498

Type  : Slow Model Setup 'estadoSiguiente.escribir_ram'
Slack : -2.633
TNS   : -16.823

Type  : Slow Model Setup 'estadoSiguiente.leer_ri'
Slack : -2.403
TNS   : -17.718

Type  : Slow Model Hold 'estadoSiguiente.incrementar_pc'
Slack : -4.578
TNS   : -32.191

Type  : Slow Model Hold 'estadoSiguiente.escribir_ram'
Slack : -3.302
TNS   : -23.633

Type  : Slow Model Hold 'estadoSiguiente.escribir_op1'
Slack : -1.865
TNS   : -13.459

Type  : Slow Model Hold 'control[0]'
Slack : -1.179
TNS   : -9.291

Type  : Slow Model Hold 'estadoSiguiente.leer_ri'
Slack : -0.218
TNS   : -0.847

Type  : Slow Model Hold 'estadoSiguiente.escribir_data'
Slack : 5.436
TNS   : 0.000

Type  : Slow Model Recovery 'estadoSiguiente.espera'
Slack : -6.103
TNS   : -10.619

Type  : Slow Model Recovery 'estadoSiguiente.activar_leer_data'
Slack : -4.427
TNS   : -4.427

Type  : Slow Model Recovery 'estadoSiguiente.activar_leer_ri'
Slack : -4.315
TNS   : -4.315

Type  : Slow Model Removal 'estadoSiguiente.activar_leer_ri'
Slack : 0.037
TNS   : 0.000

Type  : Slow Model Removal 'estadoSiguiente.activar_leer_data'
Slack : 0.213
TNS   : 0.000

Type  : Slow Model Removal 'estadoSiguiente.espera'
Slack : 2.288
TNS   : 0.000

Type  : Slow Model Minimum Pulse Width 'control[0]'
Slack : -2.567
TNS   : -273.999

Type  : Slow Model Minimum Pulse Width 'estadoSiguiente.activar_leer_data'
Slack : 0.500
TNS   : 0.000

Type  : Slow Model Minimum Pulse Width 'estadoSiguiente.activar_leer_ri'
Slack : 0.500
TNS   : 0.000

Type  : Slow Model Minimum Pulse Width 'estadoSiguiente.escribir_data'
Slack : 0.500
TNS   : 0.000

Type  : Slow Model Minimum Pulse Width 'estadoSiguiente.escribir_op1'
Slack : 0.500
TNS   : 0.000

Type  : Slow Model Minimum Pulse Width 'estadoSiguiente.escribir_ram'
Slack : 0.500
TNS   : 0.000

Type  : Slow Model Minimum Pulse Width 'estadoSiguiente.espera'
Slack : 0.500
TNS   : 0.000

Type  : Slow Model Minimum Pulse Width 'estadoSiguiente.incrementar_pc'
Slack : 0.500
TNS   : 0.000

Type  : Slow Model Minimum Pulse Width 'estadoSiguiente.leer_ri'
Slack : 0.500
TNS   : 0.000

Type  : Fast Model Setup 'estadoSiguiente.escribir_data'
Slack : -3.109
TNS   : -21.875

Type  : Fast Model Setup 'estadoSiguiente.escribir_op1'
Slack : -2.796
TNS   : -25.091

Type  : Fast Model Setup 'control[0]'
Slack : -1.460
TNS   : -29.382

Type  : Fast Model Setup 'estadoSiguiente.escribir_ram'
Slack : -0.614
TNS   : -3.628

Type  : Fast Model Setup 'estadoSiguiente.leer_ri'
Slack : -0.424
TNS   : -3.027

Type  : Fast Model Setup 'estadoSiguiente.incrementar_pc'
Slack : -0.280
TNS   : -1.790

Type  : Fast Model Hold 'estadoSiguiente.incrementar_pc'
Slack : -1.772
TNS   : -12.918

Type  : Fast Model Hold 'estadoSiguiente.escribir_ram'
Slack : -1.315
TNS   : -9.559

Type  : Fast Model Hold 'control[0]'
Slack : -0.982
TNS   : -22.172

Type  : Fast Model Hold 'estadoSiguiente.escribir_op1'
Slack : -0.870
TNS   : -6.408

Type  : Fast Model Hold 'estadoSiguiente.leer_ri'
Slack : 0.589
TNS   : 0.000

Type  : Fast Model Hold 'estadoSiguiente.escribir_data'
Slack : 3.090
TNS   : 0.000

Type  : Fast Model Recovery 'estadoSiguiente.espera'
Slack : -1.926
TNS   : -3.571

Type  : Fast Model Recovery 'estadoSiguiente.activar_leer_data'
Slack : -1.601
TNS   : -1.601

Type  : Fast Model Recovery 'estadoSiguiente.activar_leer_ri'
Slack : -1.552
TNS   : -1.552

Type  : Fast Model Removal 'estadoSiguiente.activar_leer_ri'
Slack : -0.004
TNS   : -0.004

Type  : Fast Model Removal 'estadoSiguiente.activar_leer_data'
Slack : 0.064
TNS   : 0.000

Type  : Fast Model Removal 'estadoSiguiente.espera'
Slack : 0.669
TNS   : 0.000

Type  : Fast Model Minimum Pulse Width 'control[0]'
Slack : -1.627
TNS   : -178.746

Type  : Fast Model Minimum Pulse Width 'estadoSiguiente.activar_leer_data'
Slack : 0.500
TNS   : 0.000

Type  : Fast Model Minimum Pulse Width 'estadoSiguiente.activar_leer_ri'
Slack : 0.500
TNS   : 0.000

Type  : Fast Model Minimum Pulse Width 'estadoSiguiente.escribir_data'
Slack : 0.500
TNS   : 0.000

Type  : Fast Model Minimum Pulse Width 'estadoSiguiente.escribir_op1'
Slack : 0.500
TNS   : 0.000

Type  : Fast Model Minimum Pulse Width 'estadoSiguiente.escribir_ram'
Slack : 0.500
TNS   : 0.000

Type  : Fast Model Minimum Pulse Width 'estadoSiguiente.espera'
Slack : 0.500
TNS   : 0.000

Type  : Fast Model Minimum Pulse Width 'estadoSiguiente.incrementar_pc'
Slack : 0.500
TNS   : 0.000

Type  : Fast Model Minimum Pulse Width 'estadoSiguiente.leer_ri'
Slack : 0.500
TNS   : 0.000

------------------------------------------------------------
